Loads checkpoint by local backend from path: ./models/dwpose/dw-ll_ucoco_384.pth
cuda start
An error occurred while trying to fetch models\sd-vae: Error no file named diffusion_pytorch_model.safetensors found in directory models\sd-vae.
Defaulting to unsafe serialization. Pass `allow_pickle=False` to raise an error instead.
E:\FPTU\PRJ\VN-AV-DF-Capstone\external\MuseTalk\.venv\lib\site-packages\torch\_utils.py:776: UserWarning: TypedStorage is deprecated. It will be removed in the future and UntypedStorage will be the only storage class. This should only matter to you if you are using storages directly.  To access UntypedStorage directly, use tensor.untyped_storage() instead of tensor.storage()
  return self.fget.__get__(instance, owner)()
load unet model from models/musetalkV15/unet.pth
Loaded inference config: {'task_01': {'video_path': 'E:/FPTU/PRJ/VN-AV-DF-Capstone/data/generated/dataset_v1/musetalk_smoke_5x2s_001/input/task_01_source.mp4', 'audio_path': 'E:/FPTU/PRJ/VN-AV-DF-Capstone/data/generated/dataset_v1/musetalk_smoke_5x2s_001/input/task_01_audio.wav', 'result_name': 'task_01_musetalk_v15_fake.mp4'}, 'task_02': {'video_path': 'E:/FPTU/PRJ/VN-AV-DF-Capstone/data/generated/dataset_v1/musetalk_smoke_5x2s_001/input/task_02_source.mp4', 'audio_path': 'E:/FPTU/PRJ/VN-AV-DF-Capstone/data/generated/dataset_v1/musetalk_smoke_5x2s_001/input/task_02_audio.wav', 'result_name': 'task_02_musetalk_v15_fake.mp4'}, 'task_03': {'video_path': 'E:/FPTU/PRJ/VN-AV-DF-Capstone/data/generated/dataset_v1/musetalk_smoke_5x2s_001/input/task_03_source.mp4', 'audio_path': 'E:/FPTU/PRJ/VN-AV-DF-Capstone/data/generated/dataset_v1/musetalk_smoke_5x2s_001/input/task_03_audio.wav', 'result_name': 'task_03_musetalk_v15_fake.mp4'}, 'task_04': {'video_path': 'E:/FPTU/PRJ/VN-AV-DF-Capstone/data/generated/dataset_v1/musetalk_smoke_5x2s_001/input/task_04_source.mp4', 'audio_path': 'E:/FPTU/PRJ/VN-AV-DF-Capstone/data/generated/dataset_v1/musetalk_smoke_5x2s_001/input/task_04_audio.wav', 'result_name': 'task_04_musetalk_v15_fake.mp4'}, 'task_05': {'video_path': 'E:/FPTU/PRJ/VN-AV-DF-Capstone/data/generated/dataset_v1/musetalk_smoke_5x2s_001/input/task_05_source.mp4', 'audio_path': 'E:/FPTU/PRJ/VN-AV-DF-Capstone/data/generated/dataset_v1/musetalk_smoke_5x2s_001/input/task_05_audio.wav', 'result_name': 'task_05_musetalk_v15_fake.mp4'}}
Extracting landmarks... time-consuming operation
reading images...

  0%|          | 0/50 [00:00<?, ?it/s]
 14%|█▍        | 7/50 [00:00<00:00, 68.47it/s]
 30%|███       | 15/50 [00:00<00:00, 72.01it/s]
 46%|████▌     | 23/50 [00:00<00:00, 69.87it/s]
 60%|██████    | 30/50 [00:00<00:00, 68.60it/s]
 74%|███████▍  | 37/50 [00:00<00:00, 62.92it/s]
 88%|████████▊ | 44/50 [00:00<00:00, 62.95it/s]
100%|██████████| 50/50 [00:00<00:00, 65.10it/s]
get key_landmark and face bounding boxes with the default value

  0%|          | 0/50 [00:00<?, ?it/s]
  2%|▏         | 1/50 [00:06<05:20,  6.54s/it]
  4%|▍         | 2/50 [00:06<02:20,  2.93s/it]
  6%|▌         | 3/50 [00:07<01:22,  1.76s/it]
  8%|▊         | 4/50 [00:07<00:55,  1.21s/it]
 10%|█         | 5/50 [00:08<00:40,  1.11it/s]
 12%|█▏        | 6/50 [00:08<00:31,  1.41it/s]
 14%|█▍        | 7/50 [00:08<00:25,  1.69it/s]
 16%|█▌        | 8/50 [00:09<00:21,  1.94it/s]
 18%|█▊        | 9/50 [00:09<00:19,  2.15it/s]
 20%|██        | 10/50 [00:09<00:17,  2.34it/s]
 22%|██▏       | 11/50 [00:10<00:15,  2.49it/s]
 24%|██▍       | 12/50 [00:10<00:14,  2.60it/s]
 26%|██▌       | 13/50 [00:10<00:14,  2.64it/s]
 28%|██▊       | 14/50 [00:11<00:13,  2.68it/s]
 30%|███       | 15/50 [00:11<00:12,  2.75it/s]
 32%|███▏      | 16/50 [00:11<00:12,  2.79it/s]
 34%|███▍      | 17/50 [00:12<00:11,  2.81it/s]
 36%|███▌      | 18/50 [00:12<00:11,  2.82it/s]
 38%|███▊      | 19/50 [00:12<00:10,  2.85it/s]
 40%|████      | 20/50 [00:13<00:10,  2.87it/s]
 42%|████▏     | 21/50 [00:13<00:10,  2.88it/s]
 44%|████▍     | 22/50 [00:13<00:09,  2.89it/s]
 46%|████▌     | 23/50 [00:14<00:09,  2.88it/s]
 48%|████▊     | 24/50 [00:14<00:08,  2.89it/s]
 50%|█████     | 25/50 [00:14<00:08,  2.88it/s]
 52%|█████▏    | 26/50 [00:15<00:08,  2.90it/s]
 54%|█████▍    | 27/50 [00:15<00:07,  2.90it/s]
 56%|█████▌    | 28/50 [00:16<00:07,  2.86it/s]
 58%|█████▊    | 29/50 [00:16<00:07,  2.84it/s]
 60%|██████    | 30/50 [00:16<00:07,  2.85it/s]
 62%|██████▏   | 31/50 [00:17<00:06,  2.86it/s]
 64%|██████▍   | 32/50 [00:17<00:06,  2.88it/s]
 66%|██████▌   | 33/50 [00:17<00:05,  2.88it/s]
 68%|██████▊   | 34/50 [00:18<00:05,  2.89it/s]
 70%|███████   | 35/50 [00:18<00:05,  2.90it/s]
 72%|███████▏  | 36/50 [00:18<00:04,  2.87it/s]
 74%|███████▍  | 37/50 [00:19<00:04,  2.86it/s]
 76%|███████▌  | 38/50 [00:19<00:04,  2.87it/s]
 78%|███████▊  | 39/50 [00:19<00:03,  2.88it/s]
 80%|████████  | 40/50 [00:20<00:03,  2.87it/s]
 82%|████████▏ | 41/50 [00:20<00:03,  2.88it/s]
 84%|████████▍ | 42/50 [00:20<00:02,  2.89it/s]
 86%|████████▌ | 43/50 [00:21<00:02,  2.90it/s]
 88%|████████▊ | 44/50 [00:21<00:02,  2.90it/s]
 90%|█████████ | 45/50 [00:21<00:01,  2.89it/s]
 92%|█████████▏| 46/50 [00:22<00:01,  2.89it/s]
 94%|█████████▍| 47/50 [00:22<00:01,  2.85it/s]
 96%|█████████▌| 48/50 [00:22<00:00,  2.84it/s]
 98%|█████████▊| 49/50 [00:23<00:00,  2.85it/s]
100%|██████████| 50/50 [00:23<00:00,  2.83it/s]
100%|██████████| 50/50 [00:23<00:00,  2.11it/s]
********************************************bbox_shift parameter adjustment**********************************************************
Total frame:「50」 Manually adjust range : [ -21~21 ] , the current value: 0
*************************************************************************************************************************************
Number of frames: 50
Starting inference

  0%|          | 0/50 [00:00<?, ?it/s]
  2%|▏         | 1/50 [00:01<00:59,  1.21s/it]
  6%|▌         | 3/50 [00:01<00:18,  2.59it/s]
  8%|▊         | 4/50 [00:01<00:13,  3.45it/s]
 12%|█▏        | 6/50 [00:01<00:08,  5.12it/s]
 14%|█▍        | 7/50 [00:01<00:07,  5.79it/s]
 16%|█▌        | 8/50 [00:01<00:06,  6.54it/s]
 18%|█▊        | 9/50 [00:02<00:05,  7.21it/s]
 22%|██▏       | 11/50 [00:02<00:04,  8.25it/s]
 26%|██▌       | 13/50 [00:02<00:04,  8.94it/s]
 28%|██▊       | 14/50 [00:02<00:04,  8.92it/s]
 30%|███       | 15/50 [00:02<00:04,  8.69it/s]
 34%|███▍      | 17/50 [00:02<00:03,  9.26it/s]
 38%|███▊      | 19/50 [00:03<00:03,  9.81it/s]
 42%|████▏     | 21/50 [00:03<00:02, 10.14it/s]
 46%|████▌     | 23/50 [00:03<00:02, 10.17it/s]
 50%|█████     | 25/50 [00:03<00:02, 10.29it/s]
 54%|█████▍    | 27/50 [00:03<00:02, 10.52it/s]
 58%|█████▊    | 29/50 [00:03<00:02, 10.40it/s]
 62%|██████▏   | 31/50 [00:04<00:01, 10.68it/s]
 66%|██████▌   | 33/50 [00:04<00:01, 10.72it/s]
 70%|███████   | 35/50 [00:04<00:01, 10.89it/s]
 74%|███████▍  | 37/50 [00:04<00:01, 10.93it/s]
 78%|███████▊  | 39/50 [00:04<00:00, 11.05it/s]
 82%|████████▏ | 41/50 [00:05<00:00, 11.03it/s]
 86%|████████▌ | 43/50 [00:05<00:00, 10.95it/s]
 90%|█████████ | 45/50 [00:05<00:00, 11.13it/s]
 94%|█████████▍| 47/50 [00:05<00:00, 11.08it/s]
 98%|█████████▊| 49/50 [00:05<00:00, 10.99it/s]
100%|██████████| 50/50 [00:05<00:00,  8.51it/s]
Padding generated images to original video size

  0%|          | 0/50 [00:00<?, ?it/s]
  2%|▏         | 1/50 [00:00<00:31,  1.54it/s]
  4%|▍         | 2/50 [00:00<00:21,  2.22it/s]
  6%|▌         | 3/50 [00:01<00:18,  2.59it/s]
  8%|▊         | 4/50 [00:01<00:16,  2.82it/s]
 10%|█         | 5/50 [00:01<00:15,  2.95it/s]
 12%|█▏        | 6/50 [00:02<00:14,  3.00it/s]
 14%|█▍        | 7/50 [00:02<00:14,  3.01it/s]
 16%|█▌        | 8/50 [00:02<00:13,  3.07it/s]
 18%|█▊        | 9/50 [00:03<00:13,  3.08it/s]
 20%|██        | 10/50 [00:03<00:13,  3.07it/s]
 22%|██▏       | 11/50 [00:03<00:12,  3.06it/s]
 24%|██▍       | 12/50 [00:04<00:12,  3.07it/s]
 26%|██▌       | 13/50 [00:04<00:12,  3.05it/s]
 28%|██▊       | 14/50 [00:04<00:11,  3.03it/s]
 30%|███       | 15/50 [00:05<00:11,  2.99it/s]
 32%|███▏      | 16/50 [00:05<00:11,  3.00it/s]
 34%|███▍      | 17/50 [00:05<00:11,  2.95it/s]
 36%|███▌      | 18/50 [00:06<00:10,  2.97it/s]
 38%|███▊      | 19/50 [00:06<00:10,  2.94it/s]
 40%|████      | 20/50 [00:06<00:10,  2.87it/s]
 42%|████▏     | 21/50 [00:07<00:10,  2.79it/s]
 44%|████▍     | 22/50 [00:07<00:10,  2.77it/s]
 46%|████▌     | 23/50 [00:08<00:09,  2.75it/s]
 48%|████▊     | 24/50 [00:08<00:09,  2.71it/s]
 50%|█████     | 25/50 [00:08<00:09,  2.71it/s]
 52%|█████▏    | 26/50 [00:09<00:08,  2.73it/s]
 54%|█████▍    | 27/50 [00:09<00:08,  2.63it/s]
 56%|█████▌    | 28/50 [00:09<00:08,  2.59it/s]
 58%|█████▊    | 29/50 [00:10<00:08,  2.58it/s]
 60%|██████    | 30/50 [00:10<00:07,  2.57it/s]
 62%|██████▏   | 31/50 [00:11<00:07,  2.56it/s]
 64%|██████▍   | 32/50 [00:11<00:07,  2.55it/s]
 66%|██████▌   | 33/50 [00:11<00:06,  2.53it/s]
 68%|██████▊   | 34/50 [00:12<00:06,  2.51it/s]
 70%|███████   | 35/50 [00:12<00:05,  2.57it/s]
 72%|███████▏  | 36/50 [00:13<00:05,  2.57it/s]
 74%|███████▍  | 37/50 [00:13<00:05,  2.57it/s]
 76%|███████▌  | 38/50 [00:13<00:04,  2.56it/s]
 78%|███████▊  | 39/50 [00:14<00:04,  2.58it/s]
 80%|████████  | 40/50 [00:14<00:03,  2.57it/s]
 82%|████████▏ | 41/50 [00:14<00:03,  2.79it/s]
 84%|████████▍ | 42/50 [00:15<00:02,  2.84it/s]
 86%|████████▌ | 43/50 [00:15<00:02,  2.89it/s]
 88%|████████▊ | 44/50 [00:15<00:02,  2.93it/s]
 90%|█████████ | 45/50 [00:16<00:01,  2.96it/s]
 92%|█████████▏| 46/50 [00:16<00:01,  2.84it/s]
 94%|█████████▍| 47/50 [00:17<00:01,  2.78it/s]
 96%|█████████▌| 48/50 [00:17<00:00,  2.86it/s]
 98%|█████████▊| 49/50 [00:17<00:00,  2.91it/s]
100%|██████████| 50/50 [00:17<00:00,  2.94it/s]
100%|██████████| 50/50 [00:17<00:00,  2.78it/s]
Video generation command: ffmpeg -y -v warning -r 25.0 -f image2 -i E:\FPTU\PRJ\VN-AV-DF-Capstone\data\generated\dataset_v1\musetalk_smoke_5x2s_001\output\v15\task_01_source_task_01_audio/%08d.png -vcodec libx264 -vf format=yuv420p -crf 18 E:\FPTU\PRJ\VN-AV-DF-Capstone\data\generated\dataset_v1\musetalk_smoke_5x2s_001\output\v15/temp_task_01_source_task_01_audio.mp4
Audio combination command: ffmpeg -y -v warning -i E:/FPTU/PRJ/VN-AV-DF-Capstone/data/generated/dataset_v1/musetalk_smoke_5x2s_001/input/task_01_audio.wav -i E:\FPTU\PRJ\VN-AV-DF-Capstone\data\generated\dataset_v1\musetalk_smoke_5x2s_001\output\v15/temp_task_01_source_task_01_audio.mp4 -map 1:v:0 -map 0:a:0 -c:v copy -c:a aac -b:a 128k -shortest E:\FPTU\PRJ\VN-AV-DF-Capstone\data\generated\dataset_v1\musetalk_smoke_5x2s_001\output\v15\task_01_musetalk_v15_fake.mp4
[aist#0:0/pcm_s16le @ 000001dbeb59eb40] Guessed Channel Layout: mono
[aac @ 000001dbeb5bc440] Too many bits 8192.000000 > 6144 per frame requested, clamping to max
Results saved to E:\FPTU\PRJ\VN-AV-DF-Capstone\data\generated\dataset_v1\musetalk_smoke_5x2s_001\output\v15\task_01_musetalk_v15_fake.mp4
Extracting landmarks... time-consuming operation
reading images...

  0%|          | 0/50 [00:00<?, ?it/s]
  6%|▌         | 3/50 [00:00<00:02, 22.17it/s]
 12%|█▏        | 6/50 [00:00<00:02, 21.73it/s]
 18%|█▊        | 9/50 [00:00<00:01, 21.35it/s]
 24%|██▍       | 12/50 [00:00<00:01, 20.88it/s]
 30%|███       | 15/50 [00:00<00:01, 20.41it/s]
 36%|███▌      | 18/50 [00:00<00:01, 20.30it/s]
 42%|████▏     | 21/50 [00:01<00:01, 19.71it/s]
 46%|████▌     | 23/50 [00:01<00:01, 19.67it/s]
 50%|█████     | 25/50 [00:01<00:01, 19.38it/s]
 56%|█████▌    | 28/50 [00:01<00:01, 20.15it/s]
 62%|██████▏   | 31/50 [00:01<00:00, 20.48it/s]
 68%|██████▊   | 34/50 [00:01<00:00, 19.42it/s]
 72%|███████▏  | 36/50 [00:01<00:00, 18.82it/s]
 76%|███████▌  | 38/50 [00:01<00:00, 18.37it/s]
 80%|████████  | 40/50 [00:02<00:00, 18.01it/s]
 84%|████████▍ | 42/50 [00:02<00:00, 17.58it/s]
 88%|████████▊ | 44/50 [00:02<00:00, 17.17it/s]
 92%|█████████▏| 46/50 [00:02<00:00, 17.10it/s]
 96%|█████████▌| 48/50 [00:02<00:00, 16.62it/s]
100%|██████████| 50/50 [00:02<00:00, 15.37it/s]
100%|██████████| 50/50 [00:02<00:00, 18.60it/s]
get key_landmark and face bounding boxes with the default value

  0%|          | 0/50 [00:00<?, ?it/s]
  2%|▏         | 1/50 [39:52<32:34:15, 2392.98s/it]
  4%|▍         | 2/50 [40:08<13:15:23, 994.25s/it] 
  6%|▌         | 3/50 [40:23<7:08:47, 547.40s/it] 
  8%|▊         | 4/50 [40:39<4:18:46, 337.53s/it]
 10%|█         | 5/50 [40:55<2:46:04, 221.44s/it]
 12%|█▏        | 6/50 [41:10<1:51:02, 151.43s/it]
 14%|█▍        | 7/50 [41:26<1:16:40, 107.00s/it]
 16%|█▌        | 8/50 [41:41<54:31, 77.90s/it]   
 18%|█▊        | 9/50 [41:57<39:55, 58.42s/it]
 20%|██        | 10/50 [42:12<30:07, 45.18s/it]
 22%|██▏       | 11/50 [42:28<23:28, 36.11s/it]
 24%|██▍       | 12/50 [42:44<18:54, 29.85s/it]
 26%|██▌       | 13/50 [42:59<15:43, 25.51s/it]
 28%|██▊       | 14/50 [43:15<13:29, 22.50s/it]
 30%|███       | 15/50 [43:30<11:54, 20.41s/it]
 32%|███▏      | 16/50 [43:46<10:45, 18.98s/it]
 34%|███▍      | 17/50 [44:01<09:52, 17.94s/it]
 36%|███▌      | 18/50 [44:17<09:11, 17.22s/it]
 38%|███▊      | 19/50 [44:32<08:38, 16.71s/it]
 40%|████      | 20/50 [44:48<08:10, 16.35s/it]
 42%|████▏     | 21/50 [45:03<07:46, 16.10s/it]
 44%|████▍     | 22/50 [45:19<07:27, 15.97s/it]
 46%|████▌     | 23/50 [45:35<07:07, 15.84s/it]
 48%|████▊     | 24/50 [45:50<06:49, 15.73s/it]
 50%|█████     | 25/50 [46:06<06:36, 15.84s/it]
 52%|█████▏    | 26/50 [46:22<06:22, 15.93s/it]
 54%|█████▍    | 27/50 [46:39<06:08, 16.03s/it]
 56%|█████▌    | 28/50 [46:54<05:50, 15.95s/it]
 58%|█████▊    | 29/50 [47:10<05:33, 15.87s/it]
 60%|██████    | 30/50 [47:26<05:17, 15.87s/it]
 62%|██████▏   | 31/50 [47:43<05:05, 16.10s/it]
 64%|██████▍   | 32/50 [47:58<04:47, 15.97s/it]
 66%|██████▌   | 33/50 [48:14<04:31, 15.94s/it]
 68%|██████▊   | 34/50 [48:30<04:13, 15.83s/it]
 70%|███████   | 35/50 [48:45<03:56, 15.77s/it]
 72%|███████▏  | 36/50 [49:01<03:40, 15.73s/it]
 74%|███████▍  | 37/50 [49:17<03:24, 15.70s/it]
 76%|███████▌  | 38/50 [49:32<03:08, 15.69s/it]
 78%|███████▊  | 39/50 [49:48<02:52, 15.67s/it]
 80%|████████  | 40/50 [50:04<02:36, 15.68s/it]
 82%|████████▏ | 41/50 [50:20<02:22, 15.78s/it]
 84%|████████▍ | 42/50 [50:35<02:06, 15.76s/it]
 86%|████████▌ | 43/50 [50:52<01:51, 15.93s/it]
 88%|████████▊ | 44/50 [51:08<01:35, 15.94s/it]
 90%|█████████ | 45/50 [51:23<01:19, 15.90s/it]
 92%|█████████▏| 46/50 [51:39<01:03, 15.81s/it]
 94%|█████████▍| 47/50 [51:55<00:47, 15.74s/it]
 96%|█████████▌| 48/50 [52:10<00:31, 15.72s/it]
 98%|█████████▊| 49/50 [52:26<00:15, 15.87s/it]
100%|██████████| 50/50 [52:42<00:00, 15.84s/it]
100%|██████████| 50/50 [52:42<00:00, 63.25s/it]
********************************************bbox_shift parameter adjustment**********************************************************
Total frame:「50」 Manually adjust range : [ -70~70 ] , the current value: 0
*************************************************************************************************************************************
Number of frames: 50
Starting inference

  0%|          | 0/50 [00:00<?, ?it/s]
  2%|▏         | 1/50 [00:00<00:45,  1.09it/s]
  4%|▍         | 2/50 [00:01<00:41,  1.17it/s]
  6%|▌         | 3/50 [00:02<00:39,  1.19it/s]
  8%|▊         | 4/50 [00:03<00:38,  1.20it/s]
 10%|█         | 5/50 [00:04<00:37,  1.21it/s]
 12%|█▏        | 6/50 [00:05<00:36,  1.21it/s]
 14%|█▍        | 7/50 [00:05<00:35,  1.22it/s]
 16%|█▌        | 8/50 [00:06<00:34,  1.22it/s]
 18%|█▊        | 9/50 [00:07<00:33,  1.22it/s]
 20%|██        | 10/50 [00:08<00:32,  1.22it/s]
 22%|██▏       | 11/50 [00:09<00:31,  1.22it/s]
 24%|██▍       | 12/50 [00:09<00:31,  1.22it/s]
 26%|██▌       | 13/50 [00:10<00:30,  1.22it/s]
 28%|██▊       | 14/50 [00:11<00:29,  1.22it/s]
 30%|███       | 15/50 [00:12<00:28,  1.22it/s]
 32%|███▏      | 16/50 [00:13<00:27,  1.22it/s]
 34%|███▍      | 17/50 [00:14<00:26,  1.22it/s]
 36%|███▌      | 18/50 [00:14<00:26,  1.23it/s]
 38%|███▊      | 19/50 [00:15<00:25,  1.22it/s]
 40%|████      | 20/50 [00:16<00:24,  1.23it/s]
 42%|████▏     | 21/50 [00:17<00:23,  1.22it/s]
 44%|████▍     | 22/50 [00:18<00:22,  1.22it/s]
 46%|████▌     | 23/50 [00:18<00:22,  1.23it/s]
 48%|████▊     | 24/50 [00:19<00:21,  1.23it/s]
 50%|█████     | 25/50 [00:20<00:20,  1.23it/s]
 52%|█████▏    | 26/50 [00:21<00:19,  1.23it/s]
 54%|█████▍    | 27/50 [00:22<00:18,  1.23it/s]
 56%|█████▌    | 28/50 [00:22<00:17,  1.23it/s]
 58%|█████▊    | 29/50 [00:23<00:17,  1.23it/s]
 60%|██████    | 30/50 [00:24<00:16,  1.23it/s]
 62%|██████▏   | 31/50 [00:25<00:15,  1.23it/s]
 64%|██████▍   | 32/50 [00:26<00:14,  1.23it/s]
 66%|██████▌   | 33/50 [00:27<00:13,  1.23it/s]
 68%|██████▊   | 34/50 [00:27<00:13,  1.23it/s]
 70%|███████   | 35/50 [00:28<00:12,  1.23it/s]
 72%|███████▏  | 36/50 [00:29<00:11,  1.23it/s]
 74%|███████▍  | 37/50 [00:30<00:10,  1.23it/s]
 76%|███████▌  | 38/50 [00:31<00:09,  1.23it/s]
 78%|███████▊  | 39/50 [00:31<00:08,  1.23it/s]
 80%|████████  | 40/50 [00:32<00:08,  1.23it/s]
 82%|████████▏ | 41/50 [00:33<00:07,  1.23it/s]
 84%|████████▍ | 42/50 [00:34<00:06,  1.23it/s]
 86%|████████▌ | 43/50 [00:35<00:05,  1.23it/s]
 88%|████████▊ | 44/50 [00:36<00:04,  1.23it/s]
 90%|█████████ | 45/50 [00:36<00:04,  1.22it/s]
 92%|█████████▏| 46/50 [00:37<00:03,  1.23it/s]
 94%|█████████▍| 47/50 [00:38<00:02,  1.23it/s]
 96%|█████████▌| 48/50 [00:39<00:01,  1.23it/s]
 98%|█████████▊| 49/50 [00:40<00:00,  1.22it/s]
100%|██████████| 50/50 [00:40<00:00,  1.23it/s]
100%|██████████| 50/50 [00:40<00:00,  1.22it/s]
Padding generated images to original video size

  0%|          | 0/50 [00:00<?, ?it/s]
  2%|▏         | 1/50 [00:00<00:35,  1.36it/s]
  4%|▍         | 2/50 [00:01<00:33,  1.43it/s]
  6%|▌         | 3/50 [00:02<00:33,  1.40it/s]
  8%|▊         | 4/50 [00:02<00:31,  1.46it/s]
 10%|█         | 5/50 [00:03<00:30,  1.47it/s]
 12%|█▏        | 6/50 [00:04<00:29,  1.49it/s]
 14%|█▍        | 7/50 [00:04<00:29,  1.48it/s]
 16%|█▌        | 8/50 [00:05<00:28,  1.48it/s]
 18%|█▊        | 9/50 [00:06<00:27,  1.49it/s]
 20%|██        | 10/50 [00:06<00:27,  1.48it/s]
 22%|██▏       | 11/50 [00:07<00:26,  1.45it/s]
 24%|██▍       | 12/50 [00:08<00:25,  1.47it/s]
 26%|██▌       | 13/50 [00:08<00:25,  1.47it/s]
 28%|██▊       | 14/50 [00:09<00:26,  1.36it/s]
 30%|███       | 15/50 [00:10<00:26,  1.32it/s]
 32%|███▏      | 16/50 [00:11<00:25,  1.36it/s]
 34%|███▍      | 17/50 [00:11<00:23,  1.40it/s]
 36%|███▌      | 18/50 [00:12<00:22,  1.40it/s]
 38%|███▊      | 19/50 [00:13<00:21,  1.46it/s]
 40%|████      | 20/50 [00:13<00:20,  1.49it/s]
 42%|████▏     | 21/50 [00:14<00:19,  1.46it/s]
 44%|████▍     | 22/50 [00:15<00:19,  1.45it/s]
 46%|████▌     | 23/50 [00:15<00:18,  1.44it/s]
 48%|████▊     | 24/50 [00:16<00:18,  1.43it/s]
 50%|█████     | 25/50 [00:17<00:17,  1.44it/s]
 52%|█████▏    | 26/50 [00:18<00:16,  1.44it/s]
 54%|█████▍    | 27/50 [00:18<00:16,  1.42it/s]
 56%|█████▌    | 28/50 [00:19<00:15,  1.42it/s]
 58%|█████▊    | 29/50 [00:20<00:14,  1.44it/s]
 60%|██████    | 30/50 [00:20<00:13,  1.46it/s]
 62%|██████▏   | 31/50 [00:21<00:12,  1.47it/s]
 64%|██████▍   | 32/50 [00:22<00:12,  1.40it/s]
 66%|██████▌   | 33/50 [00:23<00:12,  1.41it/s]
 68%|██████▊   | 34/50 [00:23<00:11,  1.44it/s]
 70%|███████   | 35/50 [00:24<00:10,  1.40it/s]
 72%|███████▏  | 36/50 [00:25<00:09,  1.41it/s]
 74%|███████▍  | 37/50 [00:25<00:08,  1.45it/s]
 76%|███████▌  | 38/50 [00:26<00:08,  1.49it/s]
 78%|███████▊  | 39/50 [00:27<00:07,  1.53it/s]
 80%|████████  | 40/50 [00:27<00:06,  1.53it/s]
 82%|████████▏ | 41/50 [00:28<00:05,  1.51it/s]
 84%|████████▍ | 42/50 [00:28<00:05,  1.52it/s]
 86%|████████▌ | 43/50 [00:29<00:04,  1.53it/s]
 88%|████████▊ | 44/50 [00:30<00:03,  1.54it/s]
 90%|█████████ | 45/50 [00:30<00:03,  1.55it/s]
 92%|█████████▏| 46/50 [00:31<00:02,  1.56it/s]
 94%|█████████▍| 47/50 [00:32<00:01,  1.57it/s]
 96%|█████████▌| 48/50 [00:32<00:01,  1.61it/s]
 98%|█████████▊| 49/50 [00:33<00:00,  1.64it/s]
100%|██████████| 50/50 [00:33<00:00,  1.65it/s]
100%|██████████| 50/50 [00:33<00:00,  1.47it/s]
Video generation command: ffmpeg -y -v warning -r 25.0 -f image2 -i E:\FPTU\PRJ\VN-AV-DF-Capstone\data\generated\dataset_v1\musetalk_smoke_5x2s_001\output\v15\task_02_source_task_02_audio/%08d.png -vcodec libx264 -vf format=yuv420p -crf 18 E:\FPTU\PRJ\VN-AV-DF-Capstone\data\generated\dataset_v1\musetalk_smoke_5x2s_001\output\v15/temp_task_02_source_task_02_audio.mp4
Audio combination command: ffmpeg -y -v warning -i E:/FPTU/PRJ/VN-AV-DF-Capstone/data/generated/dataset_v1/musetalk_smoke_5x2s_001/input/task_02_audio.wav -i E:\FPTU\PRJ\VN-AV-DF-Capstone\data\generated\dataset_v1\musetalk_smoke_5x2s_001\output\v15/temp_task_02_source_task_02_audio.mp4 -map 1:v:0 -map 0:a:0 -c:v copy -c:a aac -b:a 128k -shortest E:\FPTU\PRJ\VN-AV-DF-Capstone\data\generated\dataset_v1\musetalk_smoke_5x2s_001\output\v15\task_02_musetalk_v15_fake.mp4
[aist#0:0/pcm_s16le @ 0000023cb73feb40] Guessed Channel Layout: mono
[aac @ 0000023cb7b800c0] Too many bits 8192.000000 > 6144 per frame requested, clamping to max
Results saved to E:\FPTU\PRJ\VN-AV-DF-Capstone\data\generated\dataset_v1\musetalk_smoke_5x2s_001\output\v15\task_02_musetalk_v15_fake.mp4
Extracting landmarks... time-consuming operation
reading images...

  0%|          | 0/50 [00:00<?, ?it/s]
  8%|▊         | 4/50 [00:00<00:01, 33.44it/s]
 16%|█▌        | 8/50 [00:00<00:01, 34.98it/s]
 24%|██▍       | 12/50 [00:00<00:01, 33.71it/s]
 32%|███▏      | 16/50 [00:00<00:01, 33.55it/s]
 40%|████      | 20/50 [00:00<00:00, 34.46it/s]
 48%|████▊     | 24/50 [00:00<00:00, 34.95it/s]
 56%|█████▌    | 28/50 [00:00<00:00, 35.17it/s]
 64%|██████▍   | 32/50 [00:00<00:00, 35.50it/s]
 72%|███████▏  | 36/50 [00:01<00:00, 35.48it/s]
 80%|████████  | 40/50 [00:01<00:00, 35.36it/s]
 88%|████████▊ | 44/50 [00:01<00:00, 35.76it/s]
 96%|█████████▌| 48/50 [00:01<00:00, 35.50it/s]
100%|██████████| 50/50 [00:01<00:00, 35.12it/s]
get key_landmark and face bounding boxes with the default value

  0%|          | 0/50 [00:00<?, ?it/s]
  2%|▏         | 1/50 [00:01<01:17,  1.57s/it]
  4%|▍         | 2/50 [00:03<01:12,  1.52s/it]
  6%|▌         | 3/50 [00:04<01:11,  1.52s/it]
  8%|▊         | 4/50 [00:06<01:09,  1.50s/it]
 10%|█         | 5/50 [00:07<01:07,  1.50s/it]
 12%|█▏        | 6/50 [00:09<01:05,  1.49s/it]
 14%|█▍        | 7/50 [00:10<01:04,  1.49s/it]
 16%|█▌        | 8/50 [00:11<01:02,  1.49s/it]
 18%|█▊        | 9/50 [00:13<01:00,  1.49s/it]
 20%|██        | 10/50 [00:14<00:59,  1.49s/it]
 22%|██▏       | 11/50 [00:16<00:57,  1.48s/it]
 24%|██▍       | 12/50 [00:17<00:55,  1.47s/it]
 26%|██▌       | 13/50 [00:19<00:54,  1.46s/it]
 28%|██▊       | 14/50 [00:20<00:52,  1.45s/it]
 30%|███       | 15/50 [00:22<00:50,  1.45s/it]
 32%|███▏      | 16/50 [00:23<00:49,  1.44s/it]
 34%|███▍      | 17/50 [00:25<00:47,  1.44s/it]
 36%|███▌      | 18/50 [00:26<00:46,  1.44s/it]
 38%|███▊      | 19/50 [00:27<00:44,  1.44s/it]
 40%|████      | 20/50 [00:29<00:43,  1.44s/it]
 42%|████▏     | 21/50 [00:30<00:41,  1.44s/it]
 44%|████▍     | 22/50 [00:32<00:40,  1.44s/it]
 46%|████▌     | 23/50 [00:33<00:38,  1.44s/it]
 48%|████▊     | 24/50 [00:35<00:37,  1.44s/it]
 50%|█████     | 25/50 [00:36<00:35,  1.44s/it]
 52%|█████▏    | 26/50 [00:37<00:34,  1.44s/it]
 54%|█████▍    | 27/50 [00:39<00:33,  1.44s/it]
 56%|█████▌    | 28/50 [00:40<00:31,  1.43s/it]
 58%|█████▊    | 29/50 [00:42<00:30,  1.44s/it]
 60%|██████    | 30/50 [00:43<00:28,  1.44s/it]
 62%|██████▏   | 31/50 [00:45<00:27,  1.44s/it]
 64%|██████▍   | 32/50 [00:46<00:25,  1.44s/it]
 66%|██████▌   | 33/50 [00:48<00:24,  1.44s/it]
 68%|██████▊   | 34/50 [00:49<00:23,  1.44s/it]
 70%|███████   | 35/50 [00:50<00:21,  1.44s/it]
 72%|███████▏  | 36/50 [00:52<00:20,  1.44s/it]
 74%|███████▍  | 37/50 [00:53<00:18,  1.44s/it]
 76%|███████▌  | 38/50 [00:55<00:17,  1.44s/it]
 78%|███████▊  | 39/50 [00:56<00:15,  1.44s/it]
 80%|████████  | 40/50 [00:58<00:14,  1.44s/it]
 82%|████████▏ | 41/50 [00:59<00:12,  1.44s/it]
 84%|████████▍ | 42/50 [01:01<00:11,  1.44s/it]
 86%|████████▌ | 43/50 [01:02<00:10,  1.44s/it]
 88%|████████▊ | 44/50 [01:03<00:08,  1.44s/it]
 90%|█████████ | 45/50 [01:05<00:07,  1.44s/it]
 92%|█████████▏| 46/50 [01:06<00:05,  1.44s/it]
 94%|█████████▍| 47/50 [01:08<00:04,  1.44s/it]
 96%|█████████▌| 48/50 [01:09<00:02,  1.44s/it]
 98%|█████████▊| 49/50 [01:11<00:01,  1.44s/it]
100%|██████████| 50/50 [01:12<00:00,  1.44s/it]
100%|██████████| 50/50 [01:12<00:00,  1.45s/it]
********************************************bbox_shift parameter adjustment**********************************************************
Total frame:「50」 Manually adjust range : [ -27~26 ] , the current value: 0
*************************************************************************************************************************************
Number of frames: 50
Starting inference

  0%|          | 0/50 [00:00<?, ?it/s]
  2%|▏         | 1/50 [00:00<00:43,  1.12it/s]
  4%|▍         | 2/50 [00:01<00:40,  1.19it/s]
  6%|▌         | 3/50 [00:02<00:38,  1.21it/s]
  8%|▊         | 4/50 [00:03<00:37,  1.22it/s]
 10%|█         | 5/50 [00:04<00:36,  1.22it/s]
 12%|█▏        | 6/50 [00:04<00:35,  1.23it/s]
 14%|█▍        | 7/50 [00:05<00:34,  1.24it/s]
 16%|█▌        | 8/50 [00:06<00:34,  1.23it/s]
 18%|█▊        | 9/50 [00:07<00:33,  1.24it/s]
 20%|██        | 10/50 [00:08<00:32,  1.23it/s]
 22%|██▏       | 11/50 [00:08<00:31,  1.24it/s]
 24%|██▍       | 12/50 [00:09<00:30,  1.24it/s]
 26%|██▌       | 13/50 [00:10<00:29,  1.24it/s]
 28%|██▊       | 14/50 [00:11<00:29,  1.24it/s]
 30%|███       | 15/50 [00:12<00:28,  1.22it/s]
 32%|███▏      | 16/50 [00:13<00:27,  1.22it/s]
 34%|███▍      | 17/50 [00:13<00:26,  1.22it/s]
 36%|███▌      | 18/50 [00:14<00:26,  1.23it/s]
 38%|███▊      | 19/50 [00:15<00:25,  1.23it/s]
 40%|████      | 20/50 [00:16<00:24,  1.23it/s]
 42%|████▏     | 21/50 [00:17<00:23,  1.23it/s]
 44%|████▍     | 22/50 [00:17<00:22,  1.23it/s]
 46%|████▌     | 23/50 [00:18<00:21,  1.23it/s]
 48%|████▊     | 24/50 [00:19<00:21,  1.23it/s]
 50%|█████     | 25/50 [00:20<00:20,  1.24it/s]
 52%|█████▏    | 26/50 [00:21<00:19,  1.24it/s]
 54%|█████▍    | 27/50 [00:21<00:18,  1.24it/s]
 56%|█████▌    | 28/50 [00:22<00:17,  1.24it/s]
 58%|█████▊    | 29/50 [00:23<00:16,  1.24it/s]
 60%|██████    | 30/50 [00:24<00:16,  1.24it/s]
 62%|██████▏   | 31/50 [00:25<00:15,  1.24it/s]
 64%|██████▍   | 32/50 [00:26<00:14,  1.24it/s]
 66%|██████▌   | 33/50 [00:26<00:13,  1.24it/s]
 68%|██████▊   | 34/50 [00:27<00:12,  1.24it/s]
 70%|███████   | 35/50 [00:28<00:12,  1.23it/s]
 72%|███████▏  | 36/50 [00:29<00:11,  1.23it/s]
 74%|███████▍  | 37/50 [00:30<00:10,  1.24it/s]
 76%|███████▌  | 38/50 [00:30<00:09,  1.24it/s]
 78%|███████▊  | 39/50 [00:31<00:08,  1.24it/s]
 80%|████████  | 40/50 [00:32<00:08,  1.24it/s]
 82%|████████▏ | 41/50 [00:33<00:07,  1.23it/s]
 84%|████████▍ | 42/50 [00:34<00:06,  1.23it/s]
 86%|████████▌ | 43/50 [00:34<00:05,  1.23it/s]
 88%|████████▊ | 44/50 [00:35<00:04,  1.24it/s]
 90%|█████████ | 45/50 [00:36<00:04,  1.23it/s]
 92%|█████████▏| 46/50 [00:37<00:03,  1.23it/s]
 94%|█████████▍| 47/50 [00:38<00:02,  1.23it/s]
 96%|█████████▌| 48/50 [00:38<00:01,  1.24it/s]
 98%|█████████▊| 49/50 [00:39<00:00,  1.24it/s]
100%|██████████| 50/50 [00:40<00:00,  1.24it/s]
100%|██████████| 50/50 [00:40<00:00,  1.23it/s]
Padding generated images to original video size

  0%|          | 0/50 [00:00<?, ?it/s]
  2%|▏         | 1/50 [00:00<00:15,  3.18it/s]
  4%|▍         | 2/50 [00:00<00:15,  3.17it/s]
  6%|▌         | 3/50 [00:00<00:15,  3.02it/s]
  8%|▊         | 4/50 [00:01<00:14,  3.11it/s]
 10%|█         | 5/50 [00:01<00:14,  3.02it/s]
 12%|█▏        | 6/50 [00:01<00:14,  3.11it/s]
 14%|█▍        | 7/50 [00:02<00:14,  2.92it/s]
 16%|█▌        | 8/50 [00:02<00:14,  2.85it/s]
 18%|█▊        | 9/50 [00:03<00:15,  2.72it/s]
 20%|██        | 10/50 [00:03<00:14,  2.78it/s]
 22%|██▏       | 11/50 [00:03<00:14,  2.64it/s]
 24%|██▍       | 12/50 [00:04<00:14,  2.66it/s]
 26%|██▌       | 13/50 [00:04<00:14,  2.57it/s]
 28%|██▊       | 14/50 [00:05<00:13,  2.62it/s]
 30%|███       | 15/50 [00:05<00:13,  2.54it/s]
 32%|███▏      | 16/50 [00:05<00:13,  2.61it/s]
 34%|███▍      | 17/50 [00:06<00:13,  2.52it/s]
 36%|███▌      | 18/50 [00:06<00:12,  2.57it/s]
 38%|███▊      | 19/50 [00:07<00:12,  2.42it/s]
 40%|████      | 20/50 [00:07<00:12,  2.41it/s]
 42%|████▏     | 21/50 [00:07<00:11,  2.44it/s]
 44%|████▍     | 22/50 [00:08<00:10,  2.57it/s]
 46%|████▌     | 23/50 [00:08<00:10,  2.56it/s]
 48%|████▊     | 24/50 [00:08<00:09,  2.61it/s]
 50%|█████     | 25/50 [00:09<00:09,  2.60it/s]
 52%|█████▏    | 26/50 [00:09<00:08,  2.67it/s]
 54%|█████▍    | 27/50 [00:10<00:08,  2.60it/s]
 56%|█████▌    | 28/50 [00:10<00:08,  2.53it/s]
 58%|█████▊    | 29/50 [00:10<00:08,  2.49it/s]
 60%|██████    | 30/50 [00:11<00:07,  2.58it/s]
 62%|██████▏   | 31/50 [00:11<00:07,  2.54it/s]
 64%|██████▍   | 32/50 [00:12<00:06,  2.64it/s]
 66%|██████▌   | 33/50 [00:12<00:06,  2.57it/s]
 68%|██████▊   | 34/50 [00:12<00:06,  2.53it/s]
 70%|███████   | 35/50 [00:13<00:05,  2.61it/s]
 72%|███████▏  | 36/50 [00:13<00:05,  2.51it/s]
 74%|███████▍  | 37/50 [00:14<00:04,  2.62it/s]
 76%|███████▌  | 38/50 [00:14<00:04,  2.47it/s]
 78%|███████▊  | 39/50 [00:14<00:04,  2.59it/s]
 80%|████████  | 40/50 [00:15<00:03,  2.61it/s]
 82%|████████▏ | 41/50 [00:15<00:03,  2.66it/s]
 84%|████████▍ | 42/50 [00:15<00:02,  2.69it/s]
 86%|████████▌ | 43/50 [00:16<00:02,  2.71it/s]
 88%|████████▊ | 44/50 [00:16<00:02,  2.58it/s]
 90%|█████████ | 45/50 [00:17<00:01,  2.66it/s]
 92%|█████████▏| 46/50 [00:17<00:01,  2.59it/s]
 94%|█████████▍| 47/50 [00:17<00:01,  2.59it/s]
 96%|█████████▌| 48/50 [00:18<00:00,  2.54it/s]
 98%|█████████▊| 49/50 [00:18<00:00,  2.47it/s]
100%|██████████| 50/50 [00:19<00:00,  2.44it/s]
100%|██████████| 50/50 [00:19<00:00,  2.61it/s]
Video generation command: ffmpeg -y -v warning -r 25.0 -f image2 -i E:\FPTU\PRJ\VN-AV-DF-Capstone\data\generated\dataset_v1\musetalk_smoke_5x2s_001\output\v15\task_03_source_task_03_audio/%08d.png -vcodec libx264 -vf format=yuv420p -crf 18 E:\FPTU\PRJ\VN-AV-DF-Capstone\data\generated\dataset_v1\musetalk_smoke_5x2s_001\output\v15/temp_task_03_source_task_03_audio.mp4
Audio combination command: ffmpeg -y -v warning -i E:/FPTU/PRJ/VN-AV-DF-Capstone/data/generated/dataset_v1/musetalk_smoke_5x2s_001/input/task_03_audio.wav -i E:\FPTU\PRJ\VN-AV-DF-Capstone\data\generated\dataset_v1\musetalk_smoke_5x2s_001\output\v15/temp_task_03_source_task_03_audio.mp4 -map 1:v:0 -map 0:a:0 -c:v copy -c:a aac -b:a 128k -shortest E:\FPTU\PRJ\VN-AV-DF-Capstone\data\generated\dataset_v1\musetalk_smoke_5x2s_001\output\v15\task_03_musetalk_v15_fake.mp4
[aist#0:0/pcm_s16le @ 00000132bff5eb40] Guessed Channel Layout: mono
[aac @ 00000132c1e80900] Too many bits 8192.000000 > 6144 per frame requested, clamping to max
Results saved to E:\FPTU\PRJ\VN-AV-DF-Capstone\data\generated\dataset_v1\musetalk_smoke_5x2s_001\output\v15\task_03_musetalk_v15_fake.mp4
Extracting landmarks... time-consuming operation
reading images...

  0%|          | 0/50 [00:00<?, ?it/s]
 16%|█▌        | 8/50 [00:00<00:00, 70.83it/s]
 32%|███▏      | 16/50 [00:00<00:00, 69.07it/s]
 46%|████▌     | 23/50 [00:00<00:00, 67.96it/s]
 60%|██████    | 30/50 [00:00<00:00, 67.45it/s]
 74%|███████▍  | 37/50 [00:00<00:00, 66.72it/s]
 88%|████████▊ | 44/50 [00:00<00:00, 65.51it/s]
100%|██████████| 50/50 [00:00<00:00, 66.52it/s]
get key_landmark and face bounding boxes with the default value

  0%|          | 0/50 [00:00<?, ?it/s]
  2%|▏         | 1/50 [00:01<01:11,  1.46s/it]
  4%|▍         | 2/50 [00:02<01:09,  1.45s/it]
  6%|▌         | 3/50 [00:04<01:07,  1.44s/it]
  8%|▊         | 4/50 [00:05<01:06,  1.44s/it]
 10%|█         | 5/50 [00:07<01:04,  1.44s/it]
 12%|█▏        | 6/50 [00:08<01:03,  1.44s/it]
 14%|█▍        | 7/50 [00:10<01:01,  1.44s/it]
 16%|█▌        | 8/50 [00:11<01:00,  1.45s/it]
 18%|█▊        | 9/50 [00:12<00:59,  1.44s/it]
 20%|██        | 10/50 [00:14<00:57,  1.44s/it]
 22%|██▏       | 11/50 [00:15<00:56,  1.44s/it]
 24%|██▍       | 12/50 [00:17<00:54,  1.44s/it]
 26%|██▌       | 13/50 [00:18<00:53,  1.44s/it]
 28%|██▊       | 14/50 [00:20<00:51,  1.44s/it]
 30%|███       | 15/50 [00:21<00:50,  1.44s/it]
 32%|███▏      | 16/50 [00:23<00:48,  1.44s/it]
 34%|███▍      | 17/50 [00:24<00:47,  1.44s/it]
 36%|███▌      | 18/50 [00:25<00:46,  1.45s/it]
 38%|███▊      | 19/50 [00:27<00:44,  1.44s/it]
 40%|████      | 20/50 [00:28<00:43,  1.44s/it]
 42%|████▏     | 21/50 [00:30<00:41,  1.44s/it]
 44%|████▍     | 22/50 [00:31<00:40,  1.44s/it]
 46%|████▌     | 23/50 [00:33<00:38,  1.44s/it]
 48%|████▊     | 24/50 [00:34<00:37,  1.44s/it]
 50%|█████     | 25/50 [00:36<00:36,  1.44s/it]
 52%|█████▏    | 26/50 [00:37<00:34,  1.44s/it]
 54%|█████▍    | 27/50 [00:38<00:33,  1.44s/it]
 56%|█████▌    | 28/50 [00:40<00:31,  1.44s/it]
 58%|█████▊    | 29/50 [00:41<00:30,  1.44s/it]
 60%|██████    | 30/50 [00:43<00:28,  1.44s/it]
 62%|██████▏   | 31/50 [00:44<00:27,  1.44s/it]
 64%|██████▍   | 32/50 [00:46<00:25,  1.44s/it]
 66%|██████▌   | 33/50 [00:47<00:24,  1.44s/it]
 68%|██████▊   | 34/50 [00:49<00:23,  1.44s/it]
 70%|███████   | 35/50 [00:50<00:21,  1.44s/it]
 72%|███████▏  | 36/50 [00:51<00:20,  1.44s/it]
 74%|███████▍  | 37/50 [00:53<00:18,  1.44s/it]
 76%|███████▌  | 38/50 [00:54<00:17,  1.44s/it]
 78%|███████▊  | 39/50 [00:56<00:15,  1.44s/it]
 80%|████████  | 40/50 [00:57<00:14,  1.44s/it]
 82%|████████▏ | 41/50 [00:59<00:12,  1.44s/it]
 84%|████████▍ | 42/50 [01:00<00:11,  1.44s/it]
 86%|████████▌ | 43/50 [01:02<00:10,  1.45s/it]
 88%|████████▊ | 44/50 [01:03<00:08,  1.45s/it]
 90%|█████████ | 45/50 [01:04<00:07,  1.45s/it]
 92%|█████████▏| 46/50 [01:06<00:05,  1.45s/it]
 94%|█████████▍| 47/50 [01:07<00:04,  1.44s/it]
 96%|█████████▌| 48/50 [01:09<00:02,  1.44s/it]
 98%|█████████▊| 49/50 [01:10<00:01,  1.44s/it]
100%|██████████| 50/50 [01:12<00:00,  1.45s/it]
100%|██████████| 50/50 [01:12<00:00,  1.44s/it]
********************************************bbox_shift parameter adjustment**********************************************************
Total frame:「50」 Manually adjust range : [ -23~22 ] , the current value: 0
*************************************************************************************************************************************
Number of frames: 50
Starting inference

  0%|          | 0/50 [00:00<?, ?it/s]
  2%|▏         | 1/50 [00:00<00:47,  1.03it/s]
  4%|▍         | 2/50 [00:01<00:41,  1.14it/s]
  6%|▌         | 3/50 [00:02<00:39,  1.19it/s]
  8%|▊         | 4/50 [00:03<00:38,  1.21it/s]
 10%|█         | 5/50 [00:04<00:36,  1.22it/s]
 12%|█▏        | 6/50 [00:05<00:35,  1.23it/s]
 14%|█▍        | 7/50 [00:05<00:35,  1.23it/s]
 16%|█▌        | 8/50 [00:06<00:34,  1.23it/s]
 18%|█▊        | 9/50 [00:07<00:33,  1.23it/s]
 20%|██        | 10/50 [00:08<00:32,  1.24it/s]
 22%|██▏       | 11/50 [00:09<00:31,  1.24it/s]
 24%|██▍       | 12/50 [00:09<00:30,  1.24it/s]
 26%|██▌       | 13/50 [00:10<00:29,  1.23it/s]
 28%|██▊       | 14/50 [00:11<00:29,  1.23it/s]
 30%|███       | 15/50 [00:12<00:28,  1.24it/s]
 32%|███▏      | 16/50 [00:13<00:27,  1.23it/s]
 34%|███▍      | 17/50 [00:13<00:26,  1.24it/s]
 36%|███▌      | 18/50 [00:14<00:25,  1.24it/s]
 38%|███▊      | 19/50 [00:15<00:25,  1.23it/s]
 40%|████      | 20/50 [00:16<00:24,  1.23it/s]
 42%|████▏     | 21/50 [00:17<00:23,  1.23it/s]
 44%|████▍     | 22/50 [00:17<00:22,  1.24it/s]
 46%|████▌     | 23/50 [00:18<00:21,  1.24it/s]
 48%|████▊     | 24/50 [00:19<00:21,  1.24it/s]
 50%|█████     | 25/50 [00:20<00:20,  1.23it/s]
 52%|█████▏    | 26/50 [00:21<00:19,  1.23it/s]
 54%|█████▍    | 27/50 [00:22<00:18,  1.23it/s]
 56%|█████▌    | 28/50 [00:22<00:17,  1.23it/s]
 58%|█████▊    | 29/50 [00:23<00:17,  1.23it/s]
 60%|██████    | 30/50 [00:24<00:16,  1.23it/s]
 62%|██████▏   | 31/50 [00:25<00:15,  1.23it/s]
 64%|██████▍   | 32/50 [00:26<00:14,  1.23it/s]
 66%|██████▌   | 33/50 [00:26<00:13,  1.23it/s]
 68%|██████▊   | 34/50 [00:27<00:12,  1.24it/s]
 70%|███████   | 35/50 [00:28<00:12,  1.24it/s]
 72%|███████▏  | 36/50 [00:29<00:11,  1.24it/s]
 74%|███████▍  | 37/50 [00:30<00:10,  1.24it/s]
 76%|███████▌  | 38/50 [00:30<00:09,  1.23it/s]
 78%|███████▊  | 39/50 [00:31<00:08,  1.23it/s]
 80%|████████  | 40/50 [00:32<00:08,  1.24it/s]
 82%|████████▏ | 41/50 [00:33<00:07,  1.24it/s]
 84%|████████▍ | 42/50 [00:34<00:06,  1.24it/s]
 86%|████████▌ | 43/50 [00:34<00:05,  1.24it/s]
 88%|████████▊ | 44/50 [00:35<00:04,  1.23it/s]
 90%|█████████ | 45/50 [00:36<00:04,  1.24it/s]
 92%|█████████▏| 46/50 [00:37<00:03,  1.24it/s]
 94%|█████████▍| 47/50 [00:38<00:02,  1.24it/s]
 96%|█████████▌| 48/50 [00:39<00:01,  1.24it/s]
 98%|█████████▊| 49/50 [00:39<00:00,  1.24it/s]
100%|██████████| 50/50 [00:40<00:00,  1.24it/s]
100%|██████████| 50/50 [00:40<00:00,  1.23it/s]
Padding generated images to original video size

  0%|          | 0/50 [00:00<?, ?it/s]
  2%|▏         | 1/50 [00:00<00:14,  3.37it/s]
  4%|▍         | 2/50 [00:00<00:14,  3.42it/s]
  6%|▌         | 3/50 [00:00<00:13,  3.37it/s]
  8%|▊         | 4/50 [00:01<00:13,  3.38it/s]
 10%|█         | 5/50 [00:01<00:13,  3.40it/s]
 12%|█▏        | 6/50 [00:01<00:12,  3.40it/s]
 14%|█▍        | 7/50 [00:02<00:13,  3.28it/s]
 16%|█▌        | 8/50 [00:02<00:13,  3.14it/s]
 18%|█▊        | 9/50 [00:02<00:12,  3.19it/s]
 20%|██        | 10/50 [00:03<00:12,  3.20it/s]
 22%|██▏       | 11/50 [00:03<00:12,  3.19it/s]
 24%|██▍       | 12/50 [00:03<00:11,  3.18it/s]
 26%|██▌       | 13/50 [00:03<00:11,  3.19it/s]
 28%|██▊       | 14/50 [00:04<00:11,  3.04it/s]
 30%|███       | 15/50 [00:04<00:11,  2.96it/s]
 32%|███▏      | 16/50 [00:05<00:11,  2.88it/s]
 34%|███▍      | 17/50 [00:05<00:11,  2.90it/s]
 36%|███▌      | 18/50 [00:05<00:11,  2.86it/s]
 38%|███▊      | 19/50 [00:06<00:10,  2.88it/s]
 40%|████      | 20/50 [00:06<00:10,  2.87it/s]
 42%|████▏     | 21/50 [00:06<00:09,  2.92it/s]
 44%|████▍     | 22/50 [00:07<00:09,  2.91it/s]
 46%|████▌     | 23/50 [00:07<00:09,  2.94it/s]
 48%|████▊     | 24/50 [00:07<00:08,  2.94it/s]
 50%|█████     | 25/50 [00:08<00:08,  2.96it/s]
 52%|█████▏    | 26/50 [00:08<00:08,  2.91it/s]
 54%|█████▍    | 27/50 [00:08<00:07,  2.90it/s]
 56%|█████▌    | 28/50 [00:09<00:08,  2.70it/s]
 58%|█████▊    | 29/50 [00:09<00:07,  2.78it/s]
 60%|██████    | 30/50 [00:09<00:07,  2.80it/s]
 62%|██████▏   | 31/50 [00:10<00:06,  2.87it/s]
 64%|██████▍   | 32/50 [00:10<00:06,  2.85it/s]
 66%|██████▌   | 33/50 [00:11<00:05,  2.88it/s]
 68%|██████▊   | 34/50 [00:11<00:05,  3.02it/s]
 70%|███████   | 35/50 [00:11<00:04,  3.10it/s]
 72%|███████▏  | 36/50 [00:11<00:04,  3.17it/s]
 74%|███████▍  | 37/50 [00:12<00:04,  3.21it/s]
 76%|███████▌  | 38/50 [00:12<00:03,  3.23it/s]
 78%|███████▊  | 39/50 [00:12<00:03,  3.25it/s]
 80%|████████  | 40/50 [00:13<00:03,  3.30it/s]
 82%|████████▏ | 41/50 [00:13<00:02,  3.30it/s]
 84%|████████▍ | 42/50 [00:13<00:02,  3.31it/s]
 86%|████████▌ | 43/50 [00:14<00:02,  3.31it/s]
 88%|████████▊ | 44/50 [00:14<00:01,  3.33it/s]
 90%|█████████ | 45/50 [00:14<00:01,  3.23it/s]
 92%|█████████▏| 46/50 [00:14<00:01,  3.13it/s]
 94%|█████████▍| 47/50 [00:15<00:00,  3.15it/s]
 96%|█████████▌| 48/50 [00:15<00:00,  3.16it/s]
 98%|█████████▊| 49/50 [00:15<00:00,  3.16it/s]
100%|██████████| 50/50 [00:16<00:00,  3.15it/s]
100%|██████████| 50/50 [00:16<00:00,  3.08it/s]
Video generation command: ffmpeg -y -v warning -r 25.0 -f image2 -i E:\FPTU\PRJ\VN-AV-DF-Capstone\data\generated\dataset_v1\musetalk_smoke_5x2s_001\output\v15\task_04_source_task_04_audio/%08d.png -vcodec libx264 -vf format=yuv420p -crf 18 E:\FPTU\PRJ\VN-AV-DF-Capstone\data\generated\dataset_v1\musetalk_smoke_5x2s_001\output\v15/temp_task_04_source_task_04_audio.mp4
Audio combination command: ffmpeg -y -v warning -i E:/FPTU/PRJ/VN-AV-DF-Capstone/data/generated/dataset_v1/musetalk_smoke_5x2s_001/input/task_04_audio.wav -i E:\FPTU\PRJ\VN-AV-DF-Capstone\data\generated\dataset_v1\musetalk_smoke_5x2s_001\output\v15/temp_task_04_source_task_04_audio.mp4 -map 1:v:0 -map 0:a:0 -c:v copy -c:a aac -b:a 128k -shortest E:\FPTU\PRJ\VN-AV-DF-Capstone\data\generated\dataset_v1\musetalk_smoke_5x2s_001\output\v15\task_04_musetalk_v15_fake.mp4
[aist#0:0/pcm_s16le @ 0000023fddddeb40] Guessed Channel Layout: mono
[aac @ 0000023fdddfc6c0] Too many bits 8192.000000 > 6144 per frame requested, clamping to max
Results saved to E:\FPTU\PRJ\VN-AV-DF-Capstone\data\generated\dataset_v1\musetalk_smoke_5x2s_001\output\v15\task_04_musetalk_v15_fake.mp4
Extracting landmarks... time-consuming operation
reading images...

  0%|          | 0/50 [00:00<?, ?it/s]
  8%|▊         | 4/50 [00:00<00:01, 37.49it/s]
 16%|█▌        | 8/50 [00:00<00:01, 37.14it/s]
 24%|██▍       | 12/50 [00:00<00:01, 36.28it/s]
 32%|███▏      | 16/50 [00:00<00:01, 33.44it/s]
 40%|████      | 20/50 [00:00<00:00, 33.71it/s]
 48%|████▊     | 24/50 [00:00<00:00, 33.99it/s]
 56%|█████▌    | 28/50 [00:00<00:00, 33.82it/s]
 64%|██████▍   | 32/50 [00:00<00:00, 33.42it/s]
 72%|███████▏  | 36/50 [00:01<00:00, 33.58it/s]
 80%|████████  | 40/50 [00:01<00:00, 33.69it/s]
 88%|████████▊ | 44/50 [00:01<00:00, 33.60it/s]
 96%|█████████▌| 48/50 [00:01<00:00, 33.52it/s]
100%|██████████| 50/50 [00:01<00:00, 33.87it/s]
get key_landmark and face bounding boxes with the default value

  0%|          | 0/50 [00:00<?, ?it/s]
  2%|▏         | 1/50 [00:01<01:21,  1.67s/it]
  4%|▍         | 2/50 [00:03<01:13,  1.53s/it]
  6%|▌         | 3/50 [00:04<01:10,  1.49s/it]
  8%|▊         | 4/50 [00:05<01:07,  1.47s/it]
 10%|█         | 5/50 [00:07<01:05,  1.46s/it]
 12%|█▏        | 6/50 [00:08<01:03,  1.45s/it]
 14%|█▍        | 7/50 [00:10<01:02,  1.45s/it]
 16%|█▌        | 8/50 [00:11<01:00,  1.45s/it]
 18%|█▊        | 9/50 [00:13<00:59,  1.45s/it]
 20%|██        | 10/50 [00:14<00:57,  1.45s/it]
 22%|██▏       | 11/50 [00:16<00:56,  1.45s/it]
 24%|██▍       | 12/50 [00:17<00:54,  1.45s/it]
 26%|██▌       | 13/50 [00:19<00:53,  1.45s/it]
 28%|██▊       | 14/50 [00:20<00:52,  1.45s/it]
 30%|███       | 15/50 [00:21<00:50,  1.45s/it]
 32%|███▏      | 16/50 [00:23<00:49,  1.44s/it]
 34%|███▍      | 17/50 [00:24<00:47,  1.44s/it]
 36%|███▌      | 18/50 [00:26<00:46,  1.44s/it]
 38%|███▊      | 19/50 [00:27<00:44,  1.44s/it]
 40%|████      | 20/50 [00:29<00:43,  1.44s/it]
 42%|████▏     | 21/50 [00:30<00:41,  1.45s/it]
 44%|████▍     | 22/50 [00:31<00:40,  1.44s/it]
 46%|████▌     | 23/50 [00:33<00:39,  1.45s/it]
 48%|████▊     | 24/50 [00:34<00:37,  1.45s/it]
 50%|█████     | 25/50 [00:36<00:36,  1.45s/it]
 52%|█████▏    | 26/50 [00:37<00:34,  1.44s/it]
 54%|█████▍    | 27/50 [00:39<00:33,  1.44s/it]
 56%|█████▌    | 28/50 [00:40<00:31,  1.45s/it]
 58%|█████▊    | 29/50 [00:42<00:30,  1.45s/it]
 60%|██████    | 30/50 [00:43<00:28,  1.45s/it]
 62%|██████▏   | 31/50 [00:45<00:27,  1.45s/it]
 64%|██████▍   | 32/50 [00:46<00:26,  1.45s/it]
 66%|██████▌   | 33/50 [00:47<00:24,  1.45s/it]
 68%|██████▊   | 34/50 [00:49<00:23,  1.45s/it]
 70%|███████   | 35/50 [00:50<00:21,  1.45s/it]
 72%|███████▏  | 36/50 [00:52<00:20,  1.45s/it]
 74%|███████▍  | 37/50 [00:53<00:18,  1.45s/it]
 76%|███████▌  | 38/50 [00:55<00:17,  1.45s/it]
 78%|███████▊  | 39/50 [00:56<00:15,  1.44s/it]
 80%|████████  | 40/50 [00:58<00:14,  1.45s/it]
 82%|████████▏ | 41/50 [00:59<00:12,  1.44s/it]
 84%|████████▍ | 42/50 [01:00<00:11,  1.44s/it]
 86%|████████▌ | 43/50 [01:02<00:10,  1.44s/it]
 88%|████████▊ | 44/50 [01:03<00:08,  1.44s/it]
 90%|█████████ | 45/50 [01:05<00:07,  1.44s/it]
 92%|█████████▏| 46/50 [01:06<00:05,  1.44s/it]
 94%|█████████▍| 47/50 [01:08<00:04,  1.45s/it]
 96%|█████████▌| 48/50 [01:09<00:02,  1.45s/it]
 98%|█████████▊| 49/50 [01:11<00:01,  1.45s/it]
100%|██████████| 50/50 [01:12<00:00,  1.45s/it]
100%|██████████| 50/50 [01:12<00:00,  1.45s/it]
********************************************bbox_shift parameter adjustment**********************************************************
Total frame:「50」 Manually adjust range : [ -27~26 ] , the current value: 0
*************************************************************************************************************************************
Number of frames: 50
Starting inference

  0%|          | 0/50 [00:00<?, ?it/s]
  2%|▏         | 1/50 [00:00<00:47,  1.04it/s]
  4%|▍         | 2/50 [00:01<00:41,  1.15it/s]
  6%|▌         | 3/50 [00:02<00:39,  1.19it/s]
  8%|▊         | 4/50 [00:03<00:38,  1.21it/s]
 10%|█         | 5/50 [00:04<00:36,  1.22it/s]
 12%|█▏        | 6/50 [00:05<00:36,  1.22it/s]
 14%|█▍        | 7/50 [00:05<00:35,  1.23it/s]
 16%|█▌        | 8/50 [00:06<00:34,  1.23it/s]
 18%|█▊        | 9/50 [00:07<00:33,  1.23it/s]
 20%|██        | 10/50 [00:08<00:32,  1.23it/s]
 22%|██▏       | 11/50 [00:09<00:31,  1.24it/s]
 24%|██▍       | 12/50 [00:09<00:30,  1.24it/s]
 26%|██▌       | 13/50 [00:10<00:29,  1.24it/s]
 28%|██▊       | 14/50 [00:11<00:29,  1.24it/s]
 30%|███       | 15/50 [00:12<00:28,  1.24it/s]
 32%|███▏      | 16/50 [00:13<00:27,  1.24it/s]
 34%|███▍      | 17/50 [00:13<00:26,  1.24it/s]
 36%|███▌      | 18/50 [00:14<00:25,  1.24it/s]
 38%|███▊      | 19/50 [00:15<00:25,  1.24it/s]
 40%|████      | 20/50 [00:16<00:24,  1.24it/s]
 42%|████▏     | 21/50 [00:17<00:23,  1.24it/s]
 44%|████▍     | 22/50 [00:17<00:22,  1.24it/s]
 46%|████▌     | 23/50 [00:18<00:21,  1.24it/s]
 48%|████▊     | 24/50 [00:19<00:20,  1.24it/s]
 50%|█████     | 25/50 [00:20<00:20,  1.23it/s]
 52%|█████▏    | 26/50 [00:21<00:19,  1.23it/s]
 54%|█████▍    | 27/50 [00:21<00:18,  1.23it/s]
 56%|█████▌    | 28/50 [00:22<00:17,  1.24it/s]
 58%|█████▊    | 29/50 [00:23<00:16,  1.24it/s]
 60%|██████    | 30/50 [00:24<00:16,  1.24it/s]
 62%|██████▏   | 31/50 [00:25<00:15,  1.24it/s]
 64%|██████▍   | 32/50 [00:26<00:14,  1.24it/s]
 66%|██████▌   | 33/50 [00:26<00:13,  1.24it/s]
 68%|██████▊   | 34/50 [00:27<00:12,  1.24it/s]
 70%|███████   | 35/50 [00:28<00:12,  1.23it/s]
 72%|███████▏  | 36/50 [00:29<00:11,  1.23it/s]
 74%|███████▍  | 37/50 [00:30<00:10,  1.23it/s]
 76%|███████▌  | 38/50 [00:30<00:09,  1.23it/s]
 78%|███████▊  | 39/50 [00:31<00:08,  1.23it/s]
 80%|████████  | 40/50 [00:32<00:08,  1.23it/s]
 82%|████████▏ | 41/50 [00:33<00:07,  1.24it/s]
 84%|████████▍ | 42/50 [00:34<00:06,  1.24it/s]
 86%|████████▌ | 43/50 [00:34<00:05,  1.23it/s]
 88%|████████▊ | 44/50 [00:35<00:04,  1.24it/s]
 90%|█████████ | 45/50 [00:36<00:04,  1.24it/s]
 92%|█████████▏| 46/50 [00:37<00:03,  1.24it/s]
 94%|█████████▍| 47/50 [00:38<00:02,  1.24it/s]
 96%|█████████▌| 48/50 [00:38<00:01,  1.24it/s]
 98%|█████████▊| 49/50 [00:39<00:00,  1.24it/s]
100%|██████████| 50/50 [00:40<00:00,  1.24it/s]
100%|██████████| 50/50 [00:40<00:00,  1.23it/s]
Padding generated images to original video size

  0%|          | 0/50 [00:00<?, ?it/s]
  2%|▏         | 1/50 [00:00<00:16,  3.00it/s]
  4%|▍         | 2/50 [00:00<00:16,  2.93it/s]
  6%|▌         | 3/50 [00:01<00:15,  2.96it/s]
  8%|▊         | 4/50 [00:01<00:15,  3.00it/s]
 10%|█         | 5/50 [00:01<00:15,  2.98it/s]
 12%|█▏        | 6/50 [00:02<00:14,  3.00it/s]
 14%|█▍        | 7/50 [00:02<00:14,  2.91it/s]
 16%|█▌        | 8/50 [00:02<00:14,  2.83it/s]
 18%|█▊        | 9/50 [00:03<00:14,  2.81it/s]
 20%|██        | 10/50 [00:03<00:14,  2.79it/s]
 22%|██▏       | 11/50 [00:03<00:14,  2.76it/s]
 24%|██▍       | 12/50 [00:04<00:13,  2.75it/s]
 26%|██▌       | 13/50 [00:04<00:13,  2.71it/s]
 28%|██▊       | 14/50 [00:04<00:13,  2.70it/s]
 30%|███       | 15/50 [00:05<00:13,  2.68it/s]
 32%|███▏      | 16/50 [00:05<00:12,  2.66it/s]
 34%|███▍      | 17/50 [00:06<00:12,  2.64it/s]
 36%|███▌      | 18/50 [00:06<00:12,  2.63it/s]
 38%|███▊      | 19/50 [00:06<00:12,  2.50it/s]
 40%|████      | 20/50 [00:07<00:12,  2.42it/s]
 42%|████▏     | 21/50 [00:07<00:12,  2.38it/s]
 44%|████▍     | 22/50 [00:08<00:11,  2.48it/s]
 46%|████▌     | 23/50 [00:08<00:10,  2.54it/s]
 48%|████▊     | 24/50 [00:08<00:10,  2.59it/s]
 50%|█████     | 25/50 [00:09<00:09,  2.63it/s]
 52%|█████▏    | 26/50 [00:09<00:09,  2.63it/s]
 54%|█████▍    | 27/50 [00:10<00:09,  2.52it/s]
 56%|█████▌    | 28/50 [00:10<00:08,  2.58it/s]
 58%|█████▊    | 29/50 [00:10<00:08,  2.60it/s]
 60%|██████    | 30/50 [00:11<00:07,  2.63it/s]
 62%|██████▏   | 31/50 [00:11<00:07,  2.64it/s]
 64%|██████▍   | 32/50 [00:12<00:07,  2.57it/s]
 66%|██████▌   | 33/50 [00:12<00:06,  2.57it/s]
 68%|██████▊   | 34/50 [00:12<00:06,  2.61it/s]
 70%|███████   | 35/50 [00:13<00:05,  2.62it/s]
 72%|███████▏  | 36/50 [00:13<00:05,  2.65it/s]
 74%|███████▍  | 37/50 [00:13<00:04,  2.66it/s]
 76%|███████▌  | 38/50 [00:14<00:04,  2.55it/s]
 78%|███████▊  | 39/50 [00:14<00:04,  2.59it/s]
 80%|████████  | 40/50 [00:15<00:03,  2.62it/s]
 82%|████████▏ | 41/50 [00:15<00:03,  2.64it/s]
 84%|████████▍ | 42/50 [00:15<00:02,  2.70it/s]
 86%|████████▌ | 43/50 [00:16<00:02,  2.61it/s]
 88%|████████▊ | 44/50 [00:16<00:02,  2.50it/s]
 90%|█████████ | 45/50 [00:17<00:01,  2.55it/s]
 92%|█████████▏| 46/50 [00:17<00:01,  2.58it/s]
 94%|█████████▍| 47/50 [00:17<00:01,  2.61it/s]
 96%|█████████▌| 48/50 [00:18<00:00,  2.64it/s]
 98%|█████████▊| 49/50 [00:18<00:00,  2.66it/s]
100%|██████████| 50/50 [00:18<00:00,  2.55it/s]
100%|██████████| 50/50 [00:18<00:00,  2.64it/s]
Video generation command: ffmpeg -y -v warning -r 25.0 -f image2 -i E:\FPTU\PRJ\VN-AV-DF-Capstone\data\generated\dataset_v1\musetalk_smoke_5x2s_001\output\v15\task_05_source_task_05_audio/%08d.png -vcodec libx264 -vf format=yuv420p -crf 18 E:\FPTU\PRJ\VN-AV-DF-Capstone\data\generated\dataset_v1\musetalk_smoke_5x2s_001\output\v15/temp_task_05_source_task_05_audio.mp4
Audio combination command: ffmpeg -y -v warning -i E:/FPTU/PRJ/VN-AV-DF-Capstone/data/generated/dataset_v1/musetalk_smoke_5x2s_001/input/task_05_audio.wav -i E:\FPTU\PRJ\VN-AV-DF-Capstone\data\generated\dataset_v1\musetalk_smoke_5x2s_001\output\v15/temp_task_05_source_task_05_audio.mp4 -map 1:v:0 -map 0:a:0 -c:v copy -c:a aac -b:a 128k -shortest E:\FPTU\PRJ\VN-AV-DF-Capstone\data\generated\dataset_v1\musetalk_smoke_5x2s_001\output\v15\task_05_musetalk_v15_fake.mp4
[aist#0:0/pcm_s16le @ 000002220f20eb40] Guessed Channel Layout: mono
[aac @ 000002220fad72c0] Too many bits 8192.000000 > 6144 per frame requested, clamping to max
Results saved to E:\FPTU\PRJ\VN-AV-DF-Capstone\data\generated\dataset_v1\musetalk_smoke_5x2s_001\output\v15\task_05_musetalk_v15_fake.mp4
